// Jest Snapshot v1, https://goo.gl/fbAQLP

exports[`createHandlerMap handle([increment, increase], (state: number) => state + 1) (type) should match snapshot 1`] = `"HandlerMap<number, { type: \\"[Counter] increment\\"; } | { type: \\"[Counter] increase\\"; }, number>"`;

exports[`createHandlerMap handle(increment, (state: number) => state + 1) (type) should match snapshot 1`] = `"HandlerMap<number, { type: \\"[Counter] increment\\"; }, number>"`;

exports[`createHandlerMap handle.others((state: number) => state + 1) (type) should match snapshot 1`] = `"{ default: Handler<number, any, number>; }"`;
