// Jest Snapshot v1, https://goo.gl/fbAQLP

exports[`public API has proper exports 1`] = `
Object {
  "action": [Function],
  "configureStore": [Function],
  "createAction": [Function],
  "createActionCreator": [Function],
  "createReducer": [Function],
  "getType": [Function],
  "ofType": [Function],
}
`;
